<p><img src="http://commonmark.org/help/images/favicon.png" alt="website favicon"></p>
<p><img src="http://commonmark.org/help/images/favicon.png" alt="alt &quot;attribute&quot;"></p>
<p><img src="http://commonmark.org/help/images/favicon.png" alt="alt  description"></p>
<p><img src="http://example.com/image.png" alt=""></p>
<p>![](invalid%zz</p>
<p>zzz)</p>
<p><img src="data:image/gif;base64,R0lGODlhEAAQAMQAAORHHOVSKudfOulrSOp3WOyDZu6QdvCchPGolfO0o/XBs/fNwfjZ0frl3/zy7////wAAAAAAAAAAAAAAAAAAAAAAAAAAAAAAAAAAAAAAAAAAAAAAAAAAAAAAAAAAAAAAACH5BAkAABAALAAAAAAQABAAAAVVICSOZGlCQAosJ6mu7fiyZeKqNKToQGDsM8hBADgUXoGAiqhSvp5QAnQKGIgUhwFUYLCVDFCrKUE1lBavAViFIDlTImbKC5Gm2hB0SlBCBMQiB0UjIQA7" alt="star"></p>
<p><img src="http://commonmark.org/help/images/favicon.png" alt="website favicon"></p>
