The Go Programming Language

...

[The Go Programming Language](http://golang.org/)

[Go](http://golang.org/)

▽

[Documents](http://golang.org/doc/) [Packages](http://golang.org/pkg/) [The Project](http://golang.org/project/) [Help](http://golang.org/help/) [Blog](http://golang.org/blog/) [Play](http://play.golang.org/ "Show Go Playground") submit search

RunFormatShare

Pop-out

Try Go

```
Hello, 世界

```

RunShare [Tour](http://tour.golang.org/ "Learn Go from your browser")

Hello, World!Conway's Game of LifeFibonacci ClosurePeano IntegersConcurrent piConcurrent Prime SievePeg Solitaire SolverTree Comparison

Go is an open source programming language that makes it easy to build
simple, reliable, and efficient software.

[Download Go\
Binary distributions available for\
\
Linux, Mac OS X, Windows, and more.](http://golang.org/dl/)

Featured video

Featured articles

[Read more](http://blog.golang.org/)

Build version go1.10.2.

Except as [noted](https://developers.google.com/site-policies#restrictions),
the content of this page is licensed under the
Creative Commons Attribution 3.0 License,
and code is licensed under a [BSD license](http://golang.org/LICENSE).

[Terms of Service](http://golang.org/doc/tos.html) \|
[Privacy Policy](http://www.google.com/intl/en/policies/privacy/)