<h1>Aktuelles</h1>
<p><a href="http://example.com/img.jpg" title="Event Title">Event Title</a></p>
<p>25 Mai</p>
<p><img src="http://example.com/img.jpg" alt=""></p>
<h3><a href="http://example.com/event">Event Title</a></h3>
<p>Lorem ipsum dolor sit amet, consectetur adipiscing elit, sed do eiusmod tempor incididunt ut labore et dolore magna aliqua. ...
<a href="http://example.com/event1">More</a></p>
<hr>
<h1>Aktuelles</h1>
<h3><a href="http://example.com/some_url">Title</a></h3>
<p>Fusce dapibus, tellus ac cursus commodo, tortor mauris condimentum nibh, ut fermentum massa justo sit amet risus. Vestibulum id ligula porta felis euismod semper.
<a href="http://example.com/other_url">More</a></p>
