<p>Some <strong>Text</strong></p>
<p>Some <strong>Text</strong></p>
<p><strong>Text</strong></p>
<p>Some <strong>Text</strong></p>
<p>Some <strong>Text.</strong></p>
<p>Some <strong>Text</strong> Content</p>
<p>Some <strong>Text.</strong></p>
<p>Some <strong>Text</strong></p>
<h4>首付 <em>19,8万</em> /  月供 <em>6339元X24</em></h4>
<p>**Not Strong**
**Still Not
Strong**</p>
