[Simple Absolute Link][1]

[Simple Relative Link][2]

[Link with Space][3]

[Link with Title][4]

[Link with multiline Title][5]

[Broken Link][6]

[First Text\
![](http://example.com/xxx)\
Second Text][7]

- [First Text\
  \
  Second Text][8]

[GitHub][9]

[first top][10] [second below][11]

[first left][12] [second right][13]

Before [close][14] After

[**Heading A**  **Heading B**][15]

[DIW-Chef zum Grünen-Programm "Vermögenssteuer ist aus wirtschaftlicher Sicht klug"][16]

[**Die App WDR aktuell begleitet Sie durch den Tag**\
\
 Sie möchten eine App, die Sie so durch den Tag in NRW begleitet, dass Sie jederzeit mitreden können? Die App WDR aktuell bietet Ihnen dafür immer die passenden Nachrichten.\
  \| \
 **mehr**][17]

[1]: http://simple.org/
[2]: http://example.com/page.html
[3]: http://space.org/
[4]: http://title.org/ "Some Title"
[5]: http://title.org/ "Some  Long Title"
[6]: http://broken.com/test.html%5Cr
[7]: http://multi.org/
[8]: http://list.org/
[9]: https://github.com "GitHub"
[10]: http://first_under.com
[11]: http://second_under.com
[12]: http://first_next.com
[13]: http://second_next.com
[14]: http://example_close.com
[15]: http://example.com/page.html
[16]: http://example.com/page.html "\"Vermögenssteuer ist aus wirtschaftlicher Sicht klug\""
[17]: http://example.com/nachrichten/wdr-aktuell-app-stores-100.html "Die App WDR aktuell begleitet Sie durch den Tag "