[Simple Absolute Link][]

[Simple Relative Link][]

[Link with Space][]

[Link with Title][]

[Link with multiline Title][]

[Broken Link][]

[First Text\
![](http://example.com/xxx)\
Second Text][]

- [First Text\
  \
  Second Text][]

[GitHub][]

[first top][] [second below][]

[first left][] [second right][]

Before [close][] After

[**Heading A**  **Heading B**][]

[DIW-Chef zum Grünen-Programm "Vermögenssteuer ist aus wirtschaftlicher Sicht klug"][]

[**Die App WDR aktuell begleitet Sie durch den Tag**\
\
 Sie möchten eine App, die Sie so durch den Tag in NRW begleitet, dass Sie jederzeit mitreden können? Die App WDR aktuell bietet Ihnen dafür immer die passenden Nachrichten.\
  \| \
 **mehr**][]

[Simple Absolute Link]: http://simple.org/
[Simple Relative Link]: http://example.com/page.html
[Link with Space]: http://space.org/
[Link with Title]: http://title.org/ "Some Title"
[Link with multiline Title]: http://title.org/ "Some  Long Title"
[Broken Link]: http://broken.com/test.html%5Cr
[First Text\
![](http://example.com/xxx)\
Second Text]: http://multi.org/
[First Text\
\
Second Text]: http://list.org/
[GitHub]: https://github.com "GitHub"
[first top]: http://first_under.com
[second below]: http://second_under.com
[first left]: http://first_next.com
[second right]: http://second_next.com
[close]: http://example_close.com
[**Heading A**  **Heading B**]: http://example.com/page.html
[DIW-Chef zum Grünen-Programm "Vermögenssteuer ist aus wirtschaftlicher Sicht klug"]: http://example.com/page.html "\"Vermögenssteuer ist aus wirtschaftlicher Sicht klug\""
[**Die App WDR aktuell begleitet Sie durch den Tag**\
\
 Sie möchten eine App, die Sie so durch den Tag in NRW begleitet, dass Sie jederzeit mitreden können? Die App WDR aktuell bietet Ihnen dafür immer die passenden Nachrichten.\
  \| \
 **mehr**]: http://example.com/nachrichten/wdr-aktuell-app-stores-100.html "Die App WDR aktuell begleitet Sie durch den Tag "