[Simple Link][1]

 [Link with Space][2]

[Link with Title][3]

 [Broken Link][4]

 [First Text\
![](http://xxx)\
Second Text][5]

- [First Text\
    \
    \
    Second Text][6]

[GitHub][7]

[first top][8] [second below][9]

[first left][10] [second right][11]

Before [close][12] After

[1]: http://simple.org/
[2]: http://space.org/
[3]: http://title.org/ "Some Title"
[4]: http://broken.com/test.html\r
[5]: http://multi.org/
[6]: http://list.org/
[7]: https://github.com "GitHub"
[8]: http://first_under.com
[9]: http://second_under.com
[10]: http://first_next.com
[11]: http://second_next.com
[12]: http://example_close.com