<p><code>last_30_days</code></p>
<p><code>with backtick (`)</code></p>
<p><code>with backtick (``)</code></p>
<p><code>here are three ``` here are four ```` here is one ` that's it</code></p>
<p><code>`starting &amp; ending with a backtick`</code></p>
<p>Who ate the most donuts this week?</p>
<pre><code class="language-foo+bar">Jeff  15
Sam   11
Robin  6
</code></pre>
<pre><code>// Fprint formats using the default formats for its operands and writes to w.
// Spaces are added between operands when neither is a string.
// It returns the number of bytes written and any write error encountered.
func Fprint(w io.Writer, a ...interface{}) (n int, err error) {
</code></pre>
<p>When <code>x = 3</code>, that means <code>x + 2 = 5</code></p>
<p>The <code>&lt;img&gt;</code> tag is used to embed an image.</p>
<p>The <code>&lt;img/&gt;</code> tag is used to embed an image.</p>
<p>Two variables <code>A</code> <code>B</code></p>
<p>CSS: <code>body { color: yellow; font-size: 16px; }</code></p>
<p>CSS: <code>body { color: yellow; font-size: 16px; }</code></p>
<pre><code>```
</code></pre>
<pre><code>~~~
</code></pre>
<pre><code>
Some ~~~
totally ~~~~~~ normal
~ code

</code></pre>
<pre><code>
The &lt;img&gt; tag is used to embed an image.

The &lt;img/&gt; tag is used to embed an image.

</code></pre>
<pre><code>
&lt;a href=&quot;#Blabla&quot; data-index=&quot;1&quot;&gt;
    &lt;img src=&quot;http://bla.bla/img/img.svg&quot; style=&quot;height:auto&quot; width=&quot;200px&quot;/&gt;
&lt;/a&gt;

</code></pre>
