<p><code>last_30_days</code></p>
<p>Who ate the most donuts this week?</p>
<pre><code class="language-foo+bar">Jeff  15
Sam   11
Robin  6
</code></pre>
<pre><code>// Fprint formats using the default formats for its operands and writes to w.
// Spaces are added between operands when neither is a string.
// It returns the number of bytes written and any write error encountered.
func Fprint(w io.Writer, a ...interface{}) (n int, err error) {
</code></pre>
<p>When <code>x = 3</code>, that means <code>x + 2 = 5</code></p>
<pre><code>```
</code></pre>
<pre><code>~~~
</code></pre>
<pre><code>
Some ~~~
totally ~~~~~~ normal
~ code

</code></pre>
