<p>Some <em>Text</em></p>
<p>Some <em>Text</em></p>
<p>Some <em>Text</em></p>
<p><em>DoubleItalic</em></p>
<p>Some <em>19,80€</em> Text</p>
<p><em>Content</em> and no space afterward.</p>
<p>_Not Italic_</p>
<p><em>First</em></p>
<p><em>Second</em></p>
<p><em>Text und Fotos: Max Mustermann</em></p>
<p><em>Original veröffentlicht am 01.01.2021 auf</em> <a href="http://example.com/posts/100979">Zeitung</a></p>
<p><em>Übersetzung: Max Mustermann</em></p>
<p><em>veröffentlicht am 02.02.2021</em></p>
