Some *Text*

Some *Text*

Some *Text*

*DoubleItalic*

Some *19,80€* Text

*Content* and no space afterward.

\_Not Italic\_

*First*

*Second*

*Text und Fotos: Max Mustermann*

*Original veröffentlicht am 01.01.2021 auf* [Zeitung](http://example.com/posts/100979)

*Übersetzung: Max Mustermann*

*veröffentlicht am 02.02.2021*