<p><a href="http://example.com/status/1"><img src="http://example.com/image/profile.jpg" alt="">Max Mustermann @max<br>
<br>
Lorem ipsum dolor sit amet, consectetur adipiscing elit, sed do eiusmod tempor incididunt ut labore et dolore magna aliqua. <br>
<img src="http://example.com/img.jpg" alt=""><br>
<br>
June 12th 2020<br>
<br>
17 Retweets93 Likes</a></p>
