<p>Bonner Ruder-Verein 1882 e.V.</p>
<p><a href="http://www.bonnerruderverein.de"><img src="https://www.bonnerruderverein.de/wp-content/uploads/2014/12/Logo-BRV_120.png" alt="Logo"></a></p>
<h1>Bonner Ruder-Verein 1882 e.V.</h1>
<p>Menu</p>
<ul>
<li>
<p></p>
</li>
<li>
<p><a href="http://www.bonnerruderverein.de/">Startseite</a></p>
</li>
<li>
<p><a href="http://www.bonnerruderverein.de/ueber-uns/informationen/">Über uns</a></p>
<ul>
<li><a href="http://www.bonnerruderverein.de/ueber-uns/informationen/">Allgemeine Informationen</a></li>
<li><a href="http://www.bonnerruderverein.de/ueber-uns/der-vorstand-des-bonner-rudervereins-1882-e-v/">Der Vorstand</a></li>
<li><a href="http://www.bonnerruderverein.de/ueber-uns/mitgliedschaft/">Mitgliedschaft</a></li>
<li><a href="http://www.bonnerruderverein.de/bootshaus/raeumlichkeiten/">Geschichte des BRV</a>
<ul>
<li><a href="http://www.bonnerruderverein.de/die-gegenwaertige-geschichte/">Gegenwärtige Geschichte</a></li>
<li><a href="http://www.bonnerruderverein.de/die-sechziger-und-siebziger-jahre/">Die 60er und 70er Jahre</a></li>
<li><a href="http://www.bonnerruderverein.de/die-20er-und-30er-jahre/">Nachkriegszeit</a></li>
<li><a href="http://www.bonnerruderverein.de/bootshaus/veranstaltungsort/">1882-1934</a></li>
</ul>
</li>
</ul>
</li>
<li>
<p><a href="http://www.bonnerruderverein.de/alles-zum-rudern/ruderbetrieb/">Alles zum Rudern</a></p>
<ul>
<li><a href="http://www.bonnerruderverein.de/alles-zum-rudern/ruderbetrieb/">Allgemeiner Ruderbetrieb</a></li>
<li><a href="http://www.bonnerruderverein.de/alles-zum-rudern/wanderrudern/">Wanderrudern</a></li>
<li><a href="http://www.bonnerruderverein.de/termine/kategorie/langstreckenrudern/">Langstreckenrudern</a></li>
<li><a href="http://www.bonnerruderverein.de/das-blaue-band/">Das Blaue Band</a></li>
<li><a href="http://www.bonnerruderverein.de/alles-zum-rudern/jugendriege/">Jugendriege</a></li>
<li><a href="http://www.bonnerruderverein.de/alles-zum-rudern/anfaengerausbildung/">Anfängerausbildung</a></li>
</ul>
</li>
<li>
<p><a href="http://www.bonnerruderverein.de/bootshaus/unser-bootshaus/">Unser Bootshaus</a></p>
</li>
<li>
<p><a href="http://www.bonnerruderverein.de/aktuelles/">Aktuelles</a></p>
</li>
<li>
<p><a href="http://www.bonnerruderverein.de/termine">Termine/Veranstaltungen</a></p>
</li>
<li>
<p><a href="http://www.bonnerruderverein.de/partner/">Nützliche Links</a></p>
</li>
<li>
<p><a href="http://www.bonnerruderverein.de/mitglieder/">BRV-Intern</a></p>
</li>
</ul>
<hr>
<ul>
<li><img src="http://www.bonnerruderverein.de/wp-content/uploads/2018/04/Anrudern18.jpg" alt="Anrudern18"></li>
<li><img src="http://www.bonnerruderverein.de/wp-content/uploads/2017/06/Bootshaus-01.06.jpg" alt="Bootshaus-01.06"></li>
<li><img src="http://www.bonnerruderverein.de/wp-content/uploads/2015/11/K50_4233-LR.jpg" alt="K50_4233-LR"></li>
<li><img src="http://www.bonnerruderverein.de/wp-content/uploads/2016/01/Rhein-Drachenfels-Boot-F-Stender.jpg" alt="Rhein-Drachenfels-Boot-F-Stender"></li>
<li><img src="http://www.bonnerruderverein.de/wp-content/uploads/2016/05/Eurega_2016.jpg" alt="Eurega_2016"></li>
</ul>
<h1>Rudern in unserem Verein bedeutet…</h1>
<p>ein unvergleichlich abwechslungsreiches Ruderrevier, ein Bootshaus in einer traumhaften Lage, eine liebevoll geführte Vereinsgastronomie, ein Top-Bootspark und – das Wichtigste – eine bunte Mischung aus interessanten, interessierten und engagierten Mitgliedern.</p>
<p>Im Mittelpunkt der Aktivitäten steht der Breitensport mit nahezu täglichen Ruderangeboten sowie regelmäßigen Wanderfahrten auf den unterschiedlichsten Flüssen Deutschlands und Europas. Rudern im BRV heißt, Ausgleichssport mit netten Leuten, ein, zwei Stunden Bewegung an der frischen Luft, und zum Abschluss ein Getränk in netter Runde. Wir trainieren nicht für Kurzstrecken-Rennen oder Meisterschaften. Wer jedoch Wanderfahrten liebt, also mehrtägige Ruder-Reisen mit Tages-Etappen von 30 bis 40 Kilometern, ist beim BRV gut aufgehoben.</p>
<h1>Aktuelles</h1>
<p><a href="http://www.bonnerruderverein.de/wp-content/uploads/2015/09/BRV-abend.jpg" title="BRV-abend">BRV-abend</a></p>
<p>25 Mai</p>
<p><img src="http://www.bonnerruderverein.de/wp-content/uploads/2015/09/BRV-abend.jpg" alt=""></p>
<h3><a href="http://www.bonnerruderverein.de/bonner-nachtlauf/">9. Bonner Nachtlauf - Einschränkungen am Bootshaus</a></h3>
<p>am Mittwoch, dem 30. Mai 2018 findet am Bonner Rheinufer der 9. ...
<a href="http://www.bonnerruderverein.de/bonner-nachtlauf/">More</a></p>
<h1>Kommende Veranstaltungen…</h1>
<ol>
<li>
<h4><a href="http://www.bonnerruderverein.de/termin/fronleichnamsfahrt-2/">Fronleichnamsfahrt</a></h4>
<p>26. Mai - 3. Juni</p>
</li>
<li>
<h4><a href="http://www.bonnerruderverein.de/termin/anfaenger-wanderfahrt-2/">“Anfängerfahrt” auf der Lahn</a></h4>
<p>8. Juni - 10. Juni</p>
</li>
<li>
<h4><a href="http://www.bonnerruderverein.de/termin/oste-marathon-2/">Oste-Marathon</a></h4>
<p>15. Juni - 17. Juni</p>
</li>
<li>
<h4><a href="http://www.bonnerruderverein.de/termin/vorstandssitzung/">Vorstandssitzung Juni</a></h4>
<p>15. Juni @ 19:00 - 22:00</p>
</li>
</ol>
<p><a href="http://www.bonnerruderverein.de/termine/">Alle Veranstaltungen anzeigen</a></p>
<blockquote>
<p>“Wir kommen rückwärts vorwärts, wie die Ruderer.”
- Michel de Montaigne (1533-1592), französischer Philosoph und Essayist</p>
</blockquote>
<h5>Eindrücke</h5>
<p><a href="http://www.bonnerruderverein.de/wp-content/uploads/2015/08/Vilaine.jpg" title="Rudern auf der Vilaine in Frankreich">Rudern auf der Vilaine in Frankreich</a></p>
<p><img src="http://www.bonnerruderverein.de/wp-content/uploads/2015/08/Vilaine-900x600.jpg" alt=""></p>
<p><a href="http://www.bonnerruderverein.de/wp-content/uploads/2015/08/Oberkassel-2.jpg" title="Abends am Strand in Oberkassel">Abends am Strand in Oberkassel</a></p>
<p><img src="http://www.bonnerruderverein.de/wp-content/uploads/2015/08/Oberkassel-2-900x600.jpg" alt=""></p>
<p><a href="http://www.bonnerruderverein.de/wp-content/uploads/2015/08/Neckarschleuse.jpg" title="Neckarschleuse in Heilbronn">Neckarschleuse in Heilbronn</a></p>
<p><img src="http://www.bonnerruderverein.de/wp-content/uploads/2015/08/Neckarschleuse-900x600.jpg" alt=""></p>
<p><a href="http://www.bonnerruderverein.de/wp-content/uploads/2015/08/Main.jpg" title="Auf dem Main">Auf dem Main</a></p>
<p><img src="http://www.bonnerruderverein.de/wp-content/uploads/2015/08/Main-900x600.jpg" alt=""></p>
<p><a href="http://www.bonnerruderverein.de/wp-content/uploads/2015/08/Hochwasser.jpg" title="Hochwasser">Hochwasser</a></p>
<p><img src="http://www.bonnerruderverein.de/wp-content/uploads/2015/08/Hochwasser-900x600.jpg" alt=""></p>
<p><a href="http://www.bonnerruderverein.de/wp-content/uploads/2015/08/Heeg.jpg" title="Rudern in Friesland">Rudern in Friesland</a></p>
<p><img src="http://www.bonnerruderverein.de/wp-content/uploads/2015/08/Heeg-900x600.jpg" alt=""></p>
<p><a href="http://www.bonnerruderverein.de/wp-content/uploads/2015/08/Haenger.jpg" title="Gepackt für die Wanderfahrt">Gepackt für die Wanderfahrt</a></p>
<p><img src="http://www.bonnerruderverein.de/wp-content/uploads/2015/08/Haenger-900x600.jpg" alt=""></p>
<p><a href="http://www.bonnerruderverein.de/wp-content/uploads/2015/08/Elfsteden.jpg" title="Karo Dame in Leeuwarden">Karo Dame in Leeuwarden</a></p>
<p><img src="http://www.bonnerruderverein.de/wp-content/uploads/2015/08/Elfsteden-900x600.jpg" alt=""></p>
<p><a href="http://www.bonnerruderverein.de/wp-content/uploads/2015/08/Comer-see.jpg" title="Rudern auf dem Comer See">Rudern auf dem Comer See</a></p>
<p><img src="http://www.bonnerruderverein.de/wp-content/uploads/2015/08/Comer-see-900x600.jpg" alt=""></p>
<p><a href="http://www.bonnerruderverein.de/wp-content/uploads/2015/08/Abend.jpg" title="Abends auf dem Rhein">Abends auf dem Rhein</a></p>
<p><img src="http://www.bonnerruderverein.de/wp-content/uploads/2015/08/Abend-900x600.jpg" alt=""></p>
<h3>Anfahrt</h3>
<p><a href="http://bonnerruderverein.de#gmw-dialog-googlemapswidget-2" title="Klicken, um eine größere Karte zu öffnen"><img src="http://maps.googleapis.com/maps/api/staticmap?key=AIzaSyBgMsrXWkCAcRhjd7DVQ9PQQB1ZqSjRhI4&amp;scale=1&amp;format=png&amp;zoom=13&amp;size=250x250&amp;language=en&amp;maptype=roadmap&amp;markers=size%3Adefault%7Ccolor%3A0xff0000%7Clabel%3AA%7CBonner+Ruder-Verein+1882+e.V.+%2C+Wilhelm-Spiritusufer+2%2C+53113+Bonn+&amp;center=Bonner+Ruder-Verein+1882+e.V.+%2C+Wilhelm-Spiritusufer+2%2C+53113+Bonn+" alt="Klicken, um eine größere Karte zu öffnen"></a></p>
<h3>Kontakt</h3>
<p>Bonner Ruder-Verein 1882 e.V.</p>
<p>Wilhelm-Spiritusufer 2</p>
<p>53113 Bonn</p>
<p>Tel. 0176 322 888 97</p>
<p>Email: <a href="mailto:info@bonnerruderverein.de">info@bonnerruderverein.de</a></p>
<p>Bankverbindung:</p>
<p>IBAN DE15370501980031027535</p>
<p>BIC COLSDE33</p>
<p>Sparkasse Köln/Bonn</p>
<h3>Informationen</h3>
<p><a href="http://www.bafg.de/php/BONNRHEINW.htm">Rhein Pegel Bonn vom WSA Köln</a></p>
<p><a href="https://www.elwis.de/DE/dynamisch/gewaesserkunde/wasserstaende/index.php?target=2&amp;gw=RHEIN">alle Rhein Pegel auf ELWIS</a></p>
<p>Für uns ist die Hochwassermarke II am Pegel Oberwinter maßgeblich</p>
<p><a href="http://luadb.it.nrw.de/LUA/hygon/pegel.php?stationsname=Eitorf&amp;yAchse=Standard&amp;nachSuche=&amp;hoehe=468&amp;breite=724&amp;datum=2016-07-17&amp;progn=&amp;meindatum=17.07.2016&amp;yAchse=Standard&amp;ersteWoche=7-Tageslinie&amp;meifocus=&amp;neuname=">Siegpegel Eitorf</a></p>
<p><a href="http://www.bonnerruderverein.de/impressum/">Impressum &amp; Datenschutzerklärung</a></p>
<p><a href="http://www.bonnerruderverein.de/sitemap/">Sitemap</a></p>
