<ul>
<li>
<p>foo</p>
<ul>
<li>bar
<ul>
<li>baz
<ul>
<li>boo</li>
</ul>
</li>
</ul>
</li>
</ul>
</li>
<li>
<p>Coffee</p>
</li>
<li>
<p>Tea</p>
<ul>
<li>Black tea</li>
<li>Green tea</li>
</ul>
</li>
<li>
<p>Milk</p>
</li>
</ul>
<h1>header1</h1>
<ul>
<li>
<p>Bullet list</p>
<ul>
<li>Nested bullet
<ul>
<li>Sub-nested bullet etc</li>
</ul>
</li>
</ul>
</li>
<li>
<p>Bullet list item 2</p>
</li>
<li>
<p>One</p>
<ul>
<li>One point one</li>
<li>One point two</li>
</ul>
</li>
</ul>
<ol>
<li>One
<ol>
<li>One point one</li>
<li>One point two</li>
</ol>
</li>
</ol>
<ul>
<li>1</li>
<li>2
<ul>
<li>2.1</li>
<li>2.2
<ul>
<li>2.2.1</li>
<li>2.2.2</li>
<li>2.2.3</li>
</ul>
</li>
</ul>
</li>
<li>3</li>
</ul>
<ol>
<li>1</li>
<li>2
<ol>
<li>2.1</li>
<li>2.2
<ol>
<li>2.2.1</li>
<li>2.2.2</li>
<li>2.2.3</li>
</ol>
</li>
</ol>
</li>
<li>3</li>
</ol>
<ul>
<li>
<p>First Thing</p>
<p>Second Thing</p>
<ul>
<li>
<p>Nested First Thing</p>
<p>Nested Thing</p>
</li>
</ul>
</li>
</ul>
<ol>
<li>
<p>First Thing</p>
<p>Second Thing</p>
<ol>
<li>
<p>Nested First Thing</p>
<p>Nested Thing</p>
</li>
<li>
<p>Date:</p>
<p>20.02.2021</p>
<p>26. Mai - 3. Juni</p>
</li>
</ol>
</li>
</ol>
