+ foo
  + bar
    + baz
      + boo

+ Coffee
+ Tea
  + Black tea
  + Green tea
+ Milk

# header1

+ Bullet list
  + Nested bullet
    + Sub-nested bullet etc
+ Bullet list item 2

+ One
  + One point one
  + One point two

1. One
   1. One point one
   2. One point two

+ 1
+ 2
  + 2.1
  + 2.2
    + 2.2.1
    + 2.2.2
    + 2.2.3
+ 3

1. 1
2. 2
   1. 2.1
   2. 2.2
      1. 2.2.1
      2. 2.2.2
      3. 2.2.3
4. 3

+ First Thing

  Second Thing
  + Nested First Thing

    Nested Thing

1. First Thing

   Second Thing
   1. Nested First Thing

      Nested Thing

   2. Date:

      20.02.2021

      26\. Mai - 3. Juni

+ [Gesellschaft](http://example.com/gesellschaft/ "Gesellschaft")  + [Panorama](http://example.com/gesellschaft/panorama/ "Panorama")
  + [Medien](http://example.com/gesellschaft/medien/ "Medien")
  + [Geschichte](http://example.com/gesellschaft/geschichte/ "Geschichte")

+ What...
+ about...


  ##### different elements:

   `variable`

  * * *



  ```

  The <img> tag is used to embed an image.

  The  tag is used to embed an image.

  ```


  Does it work?


The Corinthos Center for Cancer will be partially closed for remodeling
starting **4/15/21**. Patients should be redirected as space
permits in the following order:

1. Metro Court West.
2. Richie General.

   1. This place is ok.
   2. Watch out for the doctors.
      1. They bite.
      2. But not hard.

4. Port Charles Main.

For further information about appointment changes, contact:

+ Dorothy Hardy

  + _Head of Operations_
    + _Interim_

+ dorothy.hardy@generalhospital.org
+ 555-555-5555

_The remodel is_ [_expected_](http://www.google.com/) _to complete in June 2021._ **_Timeframe subject to change_** _._