- foo
  - bar
    - baz
      - boo

- Coffee
- Tea
  - Black tea
  - Green tea
- Milk

# header1

- Bullet list
  - Nested bullet
    - Sub-nested bullet etc
- Bullet list item 2

- One
  - One point one
  - One point two

1. One
   1. One point one
   2. One point two

- 1
- 2
  - 2.1
  - 2.2
    - 2.2.1
    - 2.2.2
    - 2.2.3
- 3

1. 1
2. 2
   1. 2.1
   2. 2.2
      1. 2.2.1
      2. 2.2.2
      3. 2.2.3
4. 3

- First Thing

  Second Thing
  - Nested First Thing

    Nested Thing

1. First Thing

   Second Thing
   1. Nested First Thing

      Nested Thing

   2. Date:

      20.02.2021

      26\. Mai - 3. Juni