- [Startseite](/ "Startseite")
- [Die Gruppe](/die-gruppe/unsere-unternehmen/ "Die Gruppe")- [Unsere Unternehmen](/die-gruppe/unsere-unternehmen/ "Unsere Unternehmen")
    - [Unternehmenshistorie](/die-gruppe/unternehmenshistorie/ "Unternehmenshistorie")
    - [Standortportraits](/die-gruppe/standortportraits/ "Standortportraits")
    - [Unsere Marken](/die-gruppe/unsere-marken/ "Unsere Marken")
    - [Kontakt](/die-gruppe/kontakt/ "Kontakt")

- [Medien](/medien/aktuelle-meldungen/ "Medien")- [Aktuelle Meldungen](/medien/aktuelle-meldungen/ "Aktuelle Meldungen")
    - [Pressearchiv](/medien/pressearchiv/ "Pressearchiv")
    - [Pressekontakt](/medien/pressekontakt/ "Pressekontakt")
    - [Einblicke](/medien/einblicke/ "Einblicke")

- [Karriere](/karriere/ "Karriere")- [Video-Einblicke](/karriere/video-einblicke/ "Video-Einblicke")
    - [Stellenangebote](https://career5.successfactors.eu/career?company=mllerservi&site=VjItNGdGZlNGSEJEYTVJSVRUaXp4N1E4Zz09 "Stellenangebote")
    - [Erlebnisberichte](/karriere/erlebnisberichte/ "Erlebnisberichte")
    - [Traineeprogramm](/karriere/traineeprogramm/ "Traineeprogramm")
    - [Termine](/karriere/termine/ "Termine")
    - [News](/karriere/news/ "News")