<p>+++
type: page
layout: simplelayout
title: Berlin
date: &quot;2022-10-01 12:32:00 +0200&quot;
weight: 2
tags:</p>
<ul>
<li>Berlin</li>
<li>Sommer
url: /travel/02-berlin/
description: Lorem ipsum dolor sit amet, consectetur adipiscing elit
image: files/2022/berlin.jpg
+++</li>
</ul>
<h1>{{ title }}</h1>
