<ul>
<li><a href="http://example.com/" title="Startseite">Startseite</a></li>
<li><a href="http://example.com/die-gruppe/unsere-unternehmen/" title="Die Gruppe">Die Gruppe</a>  - <a href="http://example.com/die-gruppe/unsere-unternehmen/" title="Unsere Unternehmen">Unsere Unternehmen</a>
<ul>
<li><a href="http://example.com/die-gruppe/unternehmenshistorie/" title="Unternehmenshistorie">Unternehmenshistorie</a></li>
<li><a href="http://example.com/die-gruppe/standortportraits/" title="Standortportraits">Standortportraits</a></li>
<li><a href="http://example.com/die-gruppe/unsere-marken/" title="Unsere Marken">Unsere Marken</a></li>
<li><a href="http://example.com/die-gruppe/kontakt/" title="Kontakt">Kontakt</a></li>
</ul>
</li>
<li><a href="http://example.com/medien/aktuelle-meldungen/" title="Medien">Medien</a>  - <a href="http://example.com/medien/aktuelle-meldungen/" title="Aktuelle Meldungen">Aktuelle Meldungen</a>
<ul>
<li><a href="http://example.com/medien/pressearchiv/" title="Pressearchiv">Pressearchiv</a></li>
<li><a href="http://example.com/medien/pressekontakt/" title="Pressekontakt">Pressekontakt</a></li>
<li><a href="http://example.com/medien/einblicke/" title="Einblicke">Einblicke</a></li>
</ul>
</li>
<li><a href="http://example.com/karriere/" title="Karriere">Karriere</a>  - <a href="http://example.com/karriere/video-einblicke/" title="Video-Einblicke">Video-Einblicke</a>
<ul>
<li><a href="http://example.com/karriere/liste" title="Stellenangebote">Stellenangebote</a></li>
<li><a href="http://example.com/karriere/erlebnisberichte/" title="Erlebnisberichte">Erlebnisberichte</a></li>
<li><a href="http://example.com/karriere/traineeprogramm/" title="Traineeprogramm">Traineeprogramm</a></li>
<li><a href="http://example.com/karriere/termine/" title="Termine">Termine</a></li>
<li><a href="http://example.com/karriere/news/" title="News">News</a></li>
</ul>
</li>
</ul>
